Creating firewall...
failed.
ERROR: (gcloud.compute.firewall-rules.create) Could not fetch resource:
 - The resource 'projects/terraform-gcp-harbor-2/global/firewalls/mc-bedrock-firewall' already exists

